[chat 1] find: guest 10077e30, byte 81, ffi 81 ec
[chat 1] ffi long is 4 bytes
[chat 1] item 4096: Fire Crystal
[chat 1] sjis: こんにちは
[chat 1] text object: hello 20
[chat 1] chain: ab
[chat 1] two: 00180048 vs 00180048
[chat 1] fopen mapped: true
[chat 1] ffi.load winmm -> true
[chat 1] coretest loaded, build 2026-09-03
[chat 207] addon: loaded coretest (xi)
[addons] coretest left ImGui unbalanced (windows 1, ids 0, style vars 0, colours 0): closed
[game] /echo for the game
[chat 1] command: //core one two injected=false
[chat 207] unknown command: //nope
[game] plain chat ~
[chat 1] command: //core greeted injected=true
[chat 1] the ****** word
[harness] packet_in: 36 bytes in, 36 out : 0a04010011223344
[harness] packet_in: 36 bytes in, 28 out
[harness] packet_in: 36 bytes in, 36 out : ac0401005a5a5a5a
[chat 1] packet_in 00a size 8 injected=false
[chat 1] packet_in 0ab size 8 injected=false
[chat 1] packet_in 0ac size 8 injected=false
[chat 1] sleeping
[chat 1] task ran, frames drawn > 0: true
[chat 1] woke
[chat 207] addons loaded: 1
[chat 207]   coretest (xi)
[chat 207] addon: unloaded coretest
