[addons] ashtest: unsupported: IChatManager.NoSuchThing
[chat 1] ashtest: load: name=ashtest version=1.0 path ends with backslash=true
[chat 1] ashtest: install path ends with backslash=true
[chat 1] ashtest: boot registry 0003=4096 missing=7 language=2
[chat 1] ashtest: saved=true
[chat 1] ashtest: loaded=true value=42 flag=true sections=settings
[chat 1] ashtest: offset=0x7E30
[chat 1] ashtest: pointer found=true guest=true
[chat 1] ashtest: item 4096=Fire Crystal stack=12
[chat 1] ashtest: spell 1=Cure mp=8 whm level=1
[chat 1] ashtest: ability 1=Combo
[chat 1] ashtest: string zones.names 230=Southern San d'Oria
[chat 1] ashtest: string index of Cure=1
[chat 1] ashtest: find=true base=true
[chat 1] ashtest: memory rw=11223344 hi bytes=68,51,34,17
[chat 1] ashtest: struct 1234 DEADBEEF 1.5 next=11 size=10
[chat 1] ashtest: bits id=28 size=16
[chat 1] ashtest: regex 2 matches, first=<call12> group3=12
[chat 1] ashtest: regex replace=a#b#c
[chat 1] ashtest: regex split=a|b|c
[chat 1] ashtest: literal={ 1, "two", x = true }
[chat 1] ashtest: font text=hello x=10 bg=true dup=nil
[chat 1] ashtest: font size known=true
[chat 1] ashtest: prim hit=true miss=false
[chat 1] ashtest: keys F1=3B name=F1 vk=10
[chat 1] ashtest: bound=true
[chat 1] ashtest: plugins addons=true other=false count=1
[chat 1] ashtest: loud=true IChatManager.NoSuchThing is not supported yet
[chat 207] addon: loaded ashtest (ashita)
[game] /echo not ours
[chat 1] ashtest: beginscene backbuffer=true
[chat 1] ashtest: command /ashtest one two mode=1 injected=false
[chat 1] ashtest: command /ashtest sleep mode=1 injected=false
[chat 1] ashtest: task ran
[chat 1] ashtest: command slept
[chat 1] ashtest: task slept
[chat 1] the xxxxxx word
[harness] packet_in: 36 bytes in, 36 out : 0a04010011223344
[harness] packet_in: 36 bytes in, 28 out
[harness] packet_in: 36 bytes in, 36 out : ac0401005a667788
[harness] packet_in: 36 bytes in, 36 out : ad04010055597788
[harness] key 3b down
[harness] key 3b up
[harness] key 3c down (blocked)
[harness] mouse 201
[chat 1] ashtest: packet_in 00A size=8 chunk=8 injected=false
[chat 1] ashtest: packet_in 0AB size=8 chunk=8 injected=false
[chat 1] ashtest: packet_in 0AC size=8 chunk=8 injected=false
[chat 1] ashtest: packet_in 0AD size=8 chunk=8 injected=false
[chat 1] ashtest: key wparam=70 up=false
[chat 1] ashtest: key_data 3B down=true
[chat 1] ashtest: key wparam=70 up=true
[chat 1] ashtest: key_data 3B down=false
[chat 1] ashtest: key wparam=71 up=false
[chat 1] ashtest: key_data 3C down=true
[chat 1] ashtest: mouse 201 at 12,34
[chat 1] ashtest: plugin_event hello size=7 data=payload
[chat 1] ashtest: unload after some presents
[chat 207] addon: unloaded ashtest
